{"epoch": 1, "loss": 1.1839324136575062, "acc_bal": 0.75, "cm": [[222, 1, 77], [18, 225, 57], [68, 4, 228]]}
NEW_BEST epoch=1 acc=0.7500
{"epoch": 2, "loss": 0.6056087998052438, "acc_bal": 0.8788888888888889, "cm": [[262, 0, 38], [12, 259, 29], [28, 2, 270]]}
NEW_BEST epoch=2 acc=0.8789
{"epoch": 3, "loss": 0.44459038724501926, "acc_bal": 0.9188888888888889, "cm": [[281, 0, 19], [15, 265, 20], [19, 0, 281]]}
NEW_BEST epoch=3 acc=0.9189
{"epoch": 4, "loss": 0.3788023814558983, "acc_bal": 0.9311111111111111, "cm": [[287, 0, 13], [15, 268, 17], [17, 0, 283]]}
NEW_BEST epoch=4 acc=0.9311
{"epoch": 5, "loss": 0.34188079709808034, "acc_bal": 0.9411111111111111, "cm": [[291, 0, 9], [12, 269, 19], [13, 0, 287]]}
NEW_BEST epoch=5 acc=0.9411
{"epoch": 6, "loss": 0.31716551010807353, "acc_bal": 0.9444444444444444, "cm": [[289, 0, 11], [11, 270, 19], [9, 0, 291]]}
NEW_BEST epoch=6 acc=0.9444
{"epoch": 7, "loss": 0.30078137045105297, "acc_bal": 0.9522222222222222, "cm": [[290, 0, 10], [9, 273, 18], [6, 0, 294]]}
NEW_BEST epoch=7 acc=0.9522
{"epoch": 8, "loss": 0.28857224931319553, "acc_bal": 0.9555555555555556, "cm": [[290, 0, 10], [9, 274, 17], [4, 0, 296]]}
NEW_BEST epoch=8 acc=0.9556
{"epoch": 9, "loss": 0.2785101297001044, "acc_bal": 0.9577777777777777, "cm": [[291, 0, 9], [9, 275, 16], [4, 0, 296]]}
NEW_BEST epoch=9 acc=0.9578
{"epoch": 10, "loss": 0.27069486305117607, "acc_bal": 0.9611111111111111, "cm": [[293, 0, 7], [8, 276, 16], [4, 0, 296]]}
NEW_BEST epoch=10 acc=0.9611
{"epoch": 11, "loss": 0.26416928321123123, "acc_bal": 0.9622222222222222, "cm": [[293, 0, 7], [8, 277, 15], [4, 0, 296]]}
NEW_BEST epoch=11 acc=0.9622
{"epoch": 12, "loss": 0.25850654517610866, "acc_bal": 0.9655555555555555, "cm": [[295, 0, 5], [8, 278, 14], [4, 0, 296]]}
NEW_BEST epoch=12 acc=0.9656
{"epoch": 13, "loss": 0.2542095463722944, "acc_bal": 0.9655555555555555, "cm": [[295, 0, 5], [7, 277, 16], [3, 0, 297]]}
{"epoch": 14, "loss": 0.24967628717422485, "acc_bal": 0.9655555555555555, "cm": [[293, 0, 7], [7, 278, 15], [2, 0, 298]]}
{"epoch": 15, "loss": 0.24624890896181265, "acc_bal": 0.97, "cm": [[297, 0, 3], [8, 277, 15], [1, 0, 299]]}
NEW_BEST epoch=15 acc=0.9700
{"epoch": 16, "loss": 0.2438793188581864, "acc_bal": 0.9733333333333334, "cm": [[296, 0, 4], [7, 280, 13], [0, 0, 300]]}
NEW_BEST epoch=16 acc=0.9733
{"epoch": 17, "loss": 0.2409062571823597, "acc_bal": 0.9755555555555555, "cm": [[297, 0, 3], [7, 281, 12], [0, 0, 300]]}
NEW_BEST epoch=17 acc=0.9756
{"epoch": 18, "loss": 0.23873751113812128, "acc_bal": 0.9777777777777777, "cm": [[297, 0, 3], [6, 283, 11], [0, 0, 300]]}
NEW_BEST epoch=18 acc=0.9778
{"epoch": 19, "loss": 0.23603719659149647, "acc_bal": 0.9788888888888889, "cm": [[298, 0, 2], [7, 283, 10], [0, 0, 300]]}
NEW_BEST epoch=19 acc=0.9789
{"epoch": 20, "loss": 0.23485118274887404, "acc_bal": 0.98, "cm": [[298, 0, 2], [6, 284, 10], [0, 0, 300]]}
NEW_BEST epoch=20 acc=0.9800
{"epoch": 21, "loss": 0.23298566726346812, "acc_bal": 0.98, "cm": [[298, 0, 2], [6, 284, 10], [0, 0, 300]]}
{"epoch": 22, "loss": 0.2303557824343443, "acc_bal": 0.98, "cm": [[298, 0, 2], [6, 284, 10], [0, 0, 300]]}
{"epoch": 23, "loss": 0.22956309529642263, "acc_bal": 0.9811111111111112, "cm": [[298, 0, 2], [6, 285, 9], [0, 0, 300]]}
NEW_BEST epoch=23 acc=0.9811
{"epoch": 24, "loss": 0.22820970602333546, "acc_bal": 0.9811111111111112, "cm": [[298, 0, 2], [6, 285, 9], [0, 0, 300]]}
{"epoch": 25, "loss": 0.22649507535000643, "acc_bal": 0.9811111111111112, "cm": [[298, 0, 2], [6, 285, 9], [0, 0, 300]]}
{"epoch": 26, "loss": 0.22583039477467537, "acc_bal": 0.9811111111111112, "cm": [[298, 0, 2], [6, 285, 9], [0, 0, 300]]}
{"epoch": 27, "loss": 0.2242729707310597, "acc_bal": 0.9811111111111112, "cm": [[297, 0, 3], [6, 286, 8], [0, 0, 300]]}
{"epoch": 28, "loss": 0.22447847264508405, "acc_bal": 0.9833333333333333, "cm": [[298, 0, 2], [5, 287, 8], [0, 0, 300]]}
NEW_BEST epoch=28 acc=0.9833
{"epoch": 29, "loss": 0.22253239961961904, "acc_bal": 0.9822222222222222, "cm": [[298, 0, 2], [6, 286, 8], [0, 0, 300]]}
{"epoch": 30, "loss": 0.22168689221143723, "acc_bal": 0.9844444444444445, "cm": [[299, 0, 1], [6, 287, 7], [0, 0, 300]]}
NEW_BEST epoch=30 acc=0.9844
{"epoch": 31, "loss": 0.2209705039858818, "acc_bal": 0.9844444444444445, "cm": [[298, 0, 2], [5, 288, 7], [0, 0, 300]]}
{"epoch": 32, "loss": 0.2194915066162745, "acc_bal": 0.9844444444444445, "cm": [[298, 0, 2], [5, 288, 7], [0, 0, 300]]}
{"epoch": 33, "loss": 0.21915173344314098, "acc_bal": 0.9877777777777778, "cm": [[299, 0, 1], [4, 290, 6], [0, 0, 300]]}
NEW_BEST epoch=33 acc=0.9878
{"epoch": 34, "loss": 0.2184399732698997, "acc_bal": 0.9855555555555555, "cm": [[299, 0, 1], [5, 288, 7], [0, 0, 300]]}
{"epoch": 35, "loss": 0.21757937098542848, "acc_bal": 0.9866666666666667, "cm": [[299, 0, 1], [4, 289, 7], [0, 0, 300]]}
{"epoch": 36, "loss": 0.21784746274352074, "acc_bal": 0.9877777777777778, "cm": [[299, 0, 1], [4, 290, 6], [0, 0, 300]]}
{"epoch": 37, "loss": 0.2174668082346519, "acc_bal": 0.9877777777777778, "cm": [[299, 0, 1], [4, 290, 6], [0, 0, 300]]}
{"epoch": 38, "loss": 0.21578643843531609, "acc_bal": 0.9877777777777778, "cm": [[299, 0, 1], [4, 290, 6], [0, 0, 300]]}
{"epoch": 39, "loss": 0.21581397391855717, "acc_bal": 0.9877777777777778, "cm": [[299, 0, 1], [4, 290, 6], [0, 0, 300]]}
{"epoch": 40, "loss": 0.21516826810936132, "acc_bal": 0.9877777777777778, "cm": [[299, 0, 1], [4, 290, 6], [0, 0, 300]]}
{
  "best_acc": 0.9877777777777778,
  "epoch": 33,
  "ckpt": "/workspace/router_moe_rebuild/checkpoints/router_2d_linear_v2.pth",
  "cm": [
    [
      299,
      0,
      1
    ],
    [
      4,
      290,
      6
    ],
    [
      0,
      0,
      300
    ]
  ]
}
