{"epoch": 1, "loss": 0.7053193807601928, "acc_bal": 0.77, "cm": [[281, 19], [119, 181]]}
NEW_BEST epoch=1 acc=0.7700
{"epoch": 2, "loss": 0.4285867303609848, "acc_bal": 0.935, "cm": [[283, 17], [22, 278]]}
NEW_BEST epoch=2 acc=0.9350
{"epoch": 3, "loss": 0.3202116906642914, "acc_bal": 0.9666666666666667, "cm": [[287, 13], [7, 293]]}
NEW_BEST epoch=3 acc=0.9667
{"epoch": 4, "loss": 0.26856880336999894, "acc_bal": 0.9766666666666667, "cm": [[291, 9], [5, 295]]}
NEW_BEST epoch=4 acc=0.9767
{"epoch": 5, "loss": 0.23766592815518378, "acc_bal": 0.985, "cm": [[294, 6], [3, 297]]}
NEW_BEST epoch=5 acc=0.9850
{"epoch": 6, "loss": 0.21681130602955817, "acc_bal": 0.9916666666666667, "cm": [[298, 2], [3, 297]]}
NEW_BEST epoch=6 acc=0.9917
{"epoch": 7, "loss": 0.20349750742316247, "acc_bal": 0.9966666666666667, "cm": [[299, 1], [1, 299]]}
NEW_BEST epoch=7 acc=0.9967
{"epoch": 8, "loss": 0.19451195746660233, "acc_bal": 0.9983333333333333, "cm": [[300, 0], [1, 299]]}
NEW_BEST epoch=8 acc=0.9983
{"epoch": 9, "loss": 0.18749016746878625, "acc_bal": 0.9983333333333333, "cm": [[300, 0], [1, 299]]}
{"epoch": 10, "loss": 0.18274389579892159, "acc_bal": 0.9983333333333333, "cm": [[300, 0], [1, 299]]}
{"epoch": 11, "loss": 0.17768047004938126, "acc_bal": 0.9983333333333333, "cm": [[300, 0], [1, 299]]}
{"epoch": 12, "loss": 0.17449856251478196, "acc_bal": 0.9983333333333333, "cm": [[300, 0], [1, 299]]}
{"epoch": 13, "loss": 0.172146987169981, "acc_bal": 0.9983333333333333, "cm": [[300, 0], [1, 299]]}
{"epoch": 14, "loss": 0.16861149296164513, "acc_bal": 1.0, "cm": [[300, 0], [0, 300]]}
NEW_BEST epoch=14 acc=1.0000
{"epoch": 15, "loss": 0.16722578033804894, "acc_bal": 1.0, "cm": [[300, 0], [0, 300]]}
{"epoch": 16, "loss": 0.16554738953709602, "acc_bal": 1.0, "cm": [[300, 0], [0, 300]]}
{"epoch": 17, "loss": 0.16389808878302575, "acc_bal": 1.0, "cm": [[300, 0], [0, 300]]}
{"epoch": 18, "loss": 0.16237669289112092, "acc_bal": 1.0, "cm": [[300, 0], [0, 300]]}
{"epoch": 19, "loss": 0.16125192120671272, "acc_bal": 1.0, "cm": [[300, 0], [0, 300]]}
{"epoch": 20, "loss": 0.16014478877186775, "acc_bal": 1.0, "cm": [[300, 0], [0, 300]]}
{"epoch": 21, "loss": 0.15959185138344764, "acc_bal": 1.0, "cm": [[300, 0], [0, 300]]}
{"epoch": 22, "loss": 0.15856871083378793, "acc_bal": 1.0, "cm": [[300, 0], [0, 300]]}
{"epoch": 23, "loss": 0.15757037550210953, "acc_bal": 1.0, "cm": [[300, 0], [0, 300]]}
{"epoch": 24, "loss": 0.15743044540286064, "acc_bal": 1.0, "cm": [[300, 0], [0, 300]]}
{"epoch": 25, "loss": 0.15687823295593262, "acc_bal": 1.0, "cm": [[300, 0], [0, 300]]}
{"epoch": 26, "loss": 0.15610525831580163, "acc_bal": 1.0, "cm": [[300, 0], [0, 300]]}
{"epoch": 27, "loss": 0.15582130774855613, "acc_bal": 1.0, "cm": [[300, 0], [0, 300]]}
{"epoch": 28, "loss": 0.1544512078166008, "acc_bal": 1.0, "cm": [[300, 0], [0, 300]]}
{"epoch": 29, "loss": 0.154363401979208, "acc_bal": 1.0, "cm": [[300, 0], [0, 300]]}
{"epoch": 30, "loss": 0.154035597294569, "acc_bal": 1.0, "cm": [[300, 0], [0, 300]]}
{"epoch": 31, "loss": 0.1533063344657421, "acc_bal": 1.0, "cm": [[300, 0], [0, 300]]}
{"epoch": 32, "loss": 0.15323329865932464, "acc_bal": 1.0, "cm": [[300, 0], [0, 300]]}
{"epoch": 33, "loss": 0.15367046296596526, "acc_bal": 1.0, "cm": [[300, 0], [0, 300]]}
{"epoch": 34, "loss": 0.15189778730273246, "acc_bal": 1.0, "cm": [[300, 0], [0, 300]]}
{"epoch": 35, "loss": 0.15192678347229957, "acc_bal": 1.0, "cm": [[300, 0], [0, 300]]}
{"epoch": 36, "loss": 0.15166181176900864, "acc_bal": 1.0, "cm": [[300, 0], [0, 300]]}
{"epoch": 37, "loss": 0.15098136886954308, "acc_bal": 1.0, "cm": [[300, 0], [0, 300]]}
{"epoch": 38, "loss": 0.15087074190378189, "acc_bal": 1.0, "cm": [[300, 0], [0, 300]]}
{"epoch": 39, "loss": 0.15078318491578102, "acc_bal": 1.0, "cm": [[300, 0], [0, 300]]}
{"epoch": 40, "loss": 0.15056577771902085, "acc_bal": 1.0, "cm": [[300, 0], [0, 300]]}
{
  "best_acc": 1.0,
  "epoch": 14,
  "ckpt": "/workspace/router_moe_rebuild/checkpoints/router_xray_osteo_linear_v1.pth",
  "cm": [
    [
      300,
      0
    ],
    [
      0,
      300
    ]
  ]
}
